// Jest Snapshot v1, https://goo.gl/fbAQLP

exports[`NotFoundPage renders correctly 1`] = `
<div
  id="mainC"
>
  <div
    className="message"
  >
    <h1>
      404
    </h1>
    <h3>
      The page you seek does not exist
    </h3>
  </div>
  <div
    className="footer"
  >
    <a
      href="/"
      onClick={[Function]}
    >
      Go Home
    </a>
  </div>
</div>
`;
